[INFO] Scanning for projects...
[INFO] 
[INFO] --------------------< com.penpot:penpot-ai-server >---------------------
[INFO] Building Penpot AI Server 1.0.0
[INFO] --------------------------------[ jar ]---------------------------------
[INFO] ------------------------------------------------------------------------
[INFO] BUILD FAILURE
[INFO] ------------------------------------------------------------------------
[INFO] Total time: 0.844 s
[INFO] Finished at: 2026-03-12T12:23:26+01:00
[INFO] ------------------------------------------------------------------------
[ERROR] Failed to execute goal org.apache.maven.plugins:maven-clean-plugin:3.4.1:clean (default-clean) on project penpot-ai-server: The plugin org.apache.maven.plugins:maven-clean-plugin:3.4.1 requires Maven version 3.6.3 -> [Help 1]
[ERROR] 
[ERROR] To see the full stack trace of the errors, re-run Maven with the -e switch.
[ERROR] Re-run Maven using the -X switch to enable full debug logging.
[ERROR] 
[ERROR] For more information about the errors and possible solutions, please read the following articles:
[ERROR] [Help 1] http://cwiki.apache.org/confluence/display/MAVEN/PluginIncompatibleException
