[INFO] Scanning for projects...
[INFO] 
[INFO] --------------------< com.penpot:penpot-ai-server >---------------------
[INFO] Building Penpot AI Server 1.0.0
[INFO]   from pom.xml
[INFO] --------------------------------[ jar ]---------------------------------
[INFO] 
[INFO] --- jacoco:0.8.12:prepare-agent (prepare-agent) @ penpot-ai-server ---
[INFO] argLine set to "-javaagent:C:\\Users\\Tarek Moussaoui\\.m2\\repository\\org\\jacoco\\org.jacoco.agent\\0.8.12\\org.jacoco.agent-0.8.12-runtime.jar=destfile=C:\\Users\\Tarek Moussaoui\\Ollmark-plugin-ia\\dd\\ms-ollmark-ia\\target\\jacoco.exec"
[INFO] 
[INFO] --- resources:3.3.1:resources (default-resources) @ penpot-ai-server ---
[INFO] Copying 1 resource from src\main\resources to target\classes
[INFO] Copying 104 resources from src\main\resources to target\classes
[INFO] 
[INFO] --- compiler:3.14.1:compile (default-compile) @ penpot-ai-server ---
[INFO] Nothing to compile - all classes are up to date.
[INFO] 
[INFO] --- resources:3.3.1:testResources (default-testResources) @ penpot-ai-server ---
[INFO] Copying 1 resource from src\test\resources to target\test-classes
[INFO] 
[INFO] --- compiler:3.14.1:testCompile (default-testCompile) @ penpot-ai-server ---
[INFO] Recompiling the module because of changed source code.
[INFO] Compiling 80 source files with javac [debug parameters release 21] to target\test-classes
[WARNING] /C:/Users/Tarek Moussaoui/Ollmark-plugin-ia/dd/ms-ollmark-ia/src/test/java/com/penpot/ai/adapters/in/web/AiControllerTest.java:[38,6] org.springframework.boot.test.mock.mockito.MockBean in org.springframework.boot.test.mock.mockito has been deprecated and marked for removal
[WARNING] /C:/Users/Tarek Moussaoui/Ollmark-plugin-ia/dd/ms-ollmark-ia/src/test/java/com/penpot/ai/adapters/in/web/AiControllerTest.java:[38,6] org.springframework.boot.test.mock.mockito.MockBean in org.springframework.boot.test.mock.mockito has been deprecated and marked for removal
[WARNING] /C:/Users/Tarek Moussaoui/Ollmark-plugin-ia/dd/ms-ollmark-ia/src/test/java/com/penpot/ai/adapters/in/web/AiControllerTest.java:[38,6] org.springframework.boot.test.mock.mockito.MockBean in org.springframework.boot.test.mock.mockito has been deprecated and marked for removal
[WARNING] /C:/Users/Tarek Moussaoui/Ollmark-plugin-ia/dd/ms-ollmark-ia/src/test/java/com/penpot/ai/adapters/in/web/AiControllerTest.java:[38,6] org.springframework.boot.test.mock.mockito.MockBean in org.springframework.boot.test.mock.mockito has been deprecated and marked for removal
[WARNING] /C:/Users/Tarek Moussaoui/Ollmark-plugin-ia/dd/ms-ollmark-ia/src/test/java/com/penpot/ai/adapters/in/web/AiControllerTest.java:[38,6] org.springframework.boot.test.mock.mockito.MockBean in org.springframework.boot.test.mock.mockito has been deprecated and marked for removal
[WARNING] /C:/Users/Tarek Moussaoui/Ollmark-plugin-ia/dd/ms-ollmark-ia/src/test/java/com/penpot/ai/adapters/in/web/AiControllerTest.java:[41,6] org.springframework.boot.test.mock.mockito.MockBean in org.springframework.boot.test.mock.mockito has been deprecated and marked for removal
[WARNING] /C:/Users/Tarek Moussaoui/Ollmark-plugin-ia/dd/ms-ollmark-ia/src/test/java/com/penpot/ai/adapters/in/web/AiControllerTest.java:[41,6] org.springframework.boot.test.mock.mockito.MockBean in org.springframework.boot.test.mock.mockito has been deprecated and marked for removal
[WARNING] /C:/Users/Tarek Moussaoui/Ollmark-plugin-ia/dd/ms-ollmark-ia/src/test/java/com/penpot/ai/adapters/in/web/AiControllerTest.java:[41,6] org.springframework.boot.test.mock.mockito.MockBean in org.springframework.boot.test.mock.mockito has been deprecated and marked for removal
[WARNING] /C:/Users/Tarek Moussaoui/Ollmark-plugin-ia/dd/ms-ollmark-ia/src/test/java/com/penpot/ai/adapters/in/web/AiControllerTest.java:[41,6] org.springframework.boot.test.mock.mockito.MockBean in org.springframework.boot.test.mock.mockito has been deprecated and marked for removal
[WARNING] /C:/Users/Tarek Moussaoui/Ollmark-plugin-ia/dd/ms-ollmark-ia/src/test/java/com/penpot/ai/adapters/in/web/AiControllerTest.java:[41,6] org.springframework.boot.test.mock.mockito.MockBean in org.springframework.boot.test.mock.mockito has been deprecated and marked for removal
[INFO] /C:/Users/Tarek Moussaoui/Ollmark-plugin-ia/dd/ms-ollmark-ia/src/test/java/com/penpot/ai/adapters/out/ai/OllamaAiAdapterTest.java: Some input files use unchecked or unsafe operations.
[INFO] /C:/Users/Tarek Moussaoui/Ollmark-plugin-ia/dd/ms-ollmark-ia/src/test/java/com/penpot/ai/adapters/out/ai/OllamaAiAdapterTest.java: Recompile with -Xlint:unchecked for details.
[INFO] ------------------------------------------------------------------------
[INFO] BUILD SUCCESS
[INFO] ------------------------------------------------------------------------
[INFO] Total time:  10.238 s
[INFO] Finished at: 2026-03-12T12:49:31+01:00
[INFO] ------------------------------------------------------------------------
