[INFO] Scanning for projects...
[INFO] 
[INFO] --------------------< com.penpot:penpot-ai-server >---------------------
[INFO] Building Penpot AI Server 1.0.0
[INFO]   from pom.xml
[INFO] --------------------------------[ jar ]---------------------------------
[INFO] 
[INFO] --- jacoco:0.8.12:prepare-agent (prepare-agent) @ penpot-ai-server ---
[INFO] argLine set to "-javaagent:C:\\Users\\Tarek Moussaoui\\.m2\\repository\\org\\jacoco\\org.jacoco.agent\\0.8.12\\org.jacoco.agent-0.8.12-runtime.jar=destfile=C:\\Users\\Tarek Moussaoui\\Ollmark-plugin-ia\\dd\\ms-ollmark-ia\\target\\jacoco.exec"
[INFO] 
[INFO] --- resources:3.3.1:resources (default-resources) @ penpot-ai-server ---
[INFO] Copying 1 resource from src\main\resources to target\classes
[INFO] Copying 105 resources from src\main\resources to target\classes
[INFO] 
[INFO] --- compiler:3.14.1:compile (default-compile) @ penpot-ai-server ---
[INFO] Nothing to compile - all classes are up to date.
[INFO] 
[INFO] --- resources:3.3.1:testResources (default-testResources) @ penpot-ai-server ---
[INFO] Copying 1 resource from src\test\resources to target\test-classes
[INFO] 
[INFO] --- compiler:3.14.1:testCompile (default-testCompile) @ penpot-ai-server ---
[INFO] Recompiling the module because of changed source code.
[INFO] Compiling 80 source files with javac [debug parameters release 21] to target\test-classes
[WARNING] /C:/Users/Tarek Moussaoui/Ollmark-plugin-ia/dd/ms-ollmark-ia/src/test/java/com/penpot/ai/adapters/in/web/AiControllerTest.java:[38,6] org.springframework.boot.test.mock.mockito.MockBean in org.springframework.boot.test.mock.mockito has been deprecated and marked for removal
[WARNING] /C:/Users/Tarek Moussaoui/Ollmark-plugin-ia/dd/ms-ollmark-ia/src/test/java/com/penpot/ai/adapters/in/web/AiControllerTest.java:[38,6] org.springframework.boot.test.mock.mockito.MockBean in org.springframework.boot.test.mock.mockito has been deprecated and marked for removal
[WARNING] /C:/Users/Tarek Moussaoui/Ollmark-plugin-ia/dd/ms-ollmark-ia/src/test/java/com/penpot/ai/adapters/in/web/AiControllerTest.java:[38,6] org.springframework.boot.test.mock.mockito.MockBean in org.springframework.boot.test.mock.mockito has been deprecated and marked for removal
[WARNING] /C:/Users/Tarek Moussaoui/Ollmark-plugin-ia/dd/ms-ollmark-ia/src/test/java/com/penpot/ai/adapters/in/web/AiControllerTest.java:[38,6] org.springframework.boot.test.mock.mockito.MockBean in org.springframework.boot.test.mock.mockito has been deprecated and marked for removal
[WARNING] /C:/Users/Tarek Moussaoui/Ollmark-plugin-ia/dd/ms-ollmark-ia/src/test/java/com/penpot/ai/adapters/in/web/AiControllerTest.java:[38,6] org.springframework.boot.test.mock.mockito.MockBean in org.springframework.boot.test.mock.mockito has been deprecated and marked for removal
[WARNING] /C:/Users/Tarek Moussaoui/Ollmark-plugin-ia/dd/ms-ollmark-ia/src/test/java/com/penpot/ai/adapters/in/web/AiControllerTest.java:[41,6] org.springframework.boot.test.mock.mockito.MockBean in org.springframework.boot.test.mock.mockito has been deprecated and marked for removal
[WARNING] /C:/Users/Tarek Moussaoui/Ollmark-plugin-ia/dd/ms-ollmark-ia/src/test/java/com/penpot/ai/adapters/in/web/AiControllerTest.java:[41,6] org.springframework.boot.test.mock.mockito.MockBean in org.springframework.boot.test.mock.mockito has been deprecated and marked for removal
[WARNING] /C:/Users/Tarek Moussaoui/Ollmark-plugin-ia/dd/ms-ollmark-ia/src/test/java/com/penpot/ai/adapters/in/web/AiControllerTest.java:[41,6] org.springframework.boot.test.mock.mockito.MockBean in org.springframework.boot.test.mock.mockito has been deprecated and marked for removal
[WARNING] /C:/Users/Tarek Moussaoui/Ollmark-plugin-ia/dd/ms-ollmark-ia/src/test/java/com/penpot/ai/adapters/in/web/AiControllerTest.java:[41,6] org.springframework.boot.test.mock.mockito.MockBean in org.springframework.boot.test.mock.mockito has been deprecated and marked for removal
[WARNING] /C:/Users/Tarek Moussaoui/Ollmark-plugin-ia/dd/ms-ollmark-ia/src/test/java/com/penpot/ai/adapters/in/web/AiControllerTest.java:[41,6] org.springframework.boot.test.mock.mockito.MockBean in org.springframework.boot.test.mock.mockito has been deprecated and marked for removal
[INFO] /C:/Users/Tarek Moussaoui/Ollmark-plugin-ia/dd/ms-ollmark-ia/src/test/java/com/penpot/ai/adapters/out/ai/OllamaAiAdapterTest.java: Some input files use unchecked or unsafe operations.
[INFO] /C:/Users/Tarek Moussaoui/Ollmark-plugin-ia/dd/ms-ollmark-ia/src/test/java/com/penpot/ai/adapters/out/ai/OllamaAiAdapterTest.java: Recompile with -Xlint:unchecked for details.
[INFO] 
[INFO] --- surefire:3.5.2:test (default-test) @ penpot-ai-server ---
[INFO] Using auto detected provider org.apache.maven.surefire.junitplatform.JUnitPlatformProvider
[INFO] 
[INFO] -------------------------------------------------------
[INFO]  T E S T S
[INFO] -------------------------------------------------------
[INFO] Running com.penpot.ai.adapters.in.web.AiControllerTest
15:48:34.280 [main] INFO org.springframework.test.context.support.AnnotationConfigContextLoaderUtils -- Could not detect default configuration classes for test class [com.penpot.ai.adapters.in.web.AiControllerTest]: AiControllerTest does not declare any static, non-private, non-final, nested classes annotated with @Configuration.
15:48:34.692 [main] INFO org.springframework.boot.test.context.SpringBootTestContextBootstrapper -- Found @SpringBootConfiguration com.penpot.ai.PenpotAiApplication for test class com.penpot.ai.adapters.in.web.AiControllerTest

  .   ____          _            __ _ _
 /\\ / ___'_ __ _ _(_)_ __  __ _ \ \ \ \
( ( )\___ | '_ | '_| | '_ \/ _` | \ \ \ \
 \\/  ___)| |_)| | | | | || (_| |  ) ) ) )
  '  |____| .__|_| |_|_| |_\__, | / / / /
 =========|_|==============|___/=/_/_/_/

 :: Spring Boot ::                (v3.5.8)

2026-03-12 15:48:35.720 [main] INFO  c.p.a.a.in.web.AiControllerTest - Starting AiControllerTest using Java 21.0.10 with PID 28156 (started by Tarek Moussaoui in C:\Users\Tarek Moussaoui\Ollmark-plugin-ia\dd\ms-ollmark-ia)
2026-03-12 15:48:35.722 [main] DEBUG c.p.a.a.in.web.AiControllerTest - Running with Spring Boot v3.5.8, Spring v6.2.14
2026-03-12 15:48:35.723 [main] INFO  c.p.a.a.in.web.AiControllerTest - No active profile set, falling back to 1 default profile: "default"
.\mvnw : Mockito is currently 
self-attaching to enable the 
inline-mock-maker. This will no 
longer work in future releases of 
the JDK. Please add Mockito as an 
agent to your build as described in 
Mockito's documentation: https://java
doc.io/doc/org.mockito/mockito-core/l
atest/org.mockito/org/mockito/Mockito
.html#0.3
Au caractère Ligne:1 : 1
+ .\mvnw test 
-Dtest=AiControllerTest > 
test_output.txt 2>&1
+ ~~~~~~~~~~~~~~~~~~~~~~~~~~~~~~~~~~~
~~~~~~~~~~~~~~~~~~~~~~~
    + CategoryInfo          : NotSpe 
   cified: (Mockito is curr...ockit  
  o.html#0.3:String) [], RemoteExc   
 eption
    + FullyQualifiedErrorId : Native 
   CommandError
 
WARNING: A Java agent has been 
loaded dynamically (C:\Users\Tarek Mo
ussaoui\.m2\repository\net\bytebuddy\
byte-buddy-agent\1.17.8\byte-buddy-ag
ent-1.17.8.jar)
WARNING: If a serviceability tool is 
in use, please run with 
-XX:+EnableDynamicAgentLoading to 
hide this warning
WARNING: If a serviceability tool is 
not in use, please run with 
-Djdk.instrument.traceUsage for more 
information
WARNING: Dynamic loading of agents 
will be disallowed by default in a 
future release
OpenJDK 64-Bit Server VM warning: 
Sharing is only supported for boot 
loader classes because bootstrap 
classpath has been appended
2026-03-12 15:48:40.111 [main] INFO  o.s.b.t.m.w.SpringBootMockServletContext - Initializing Spring TestDispatcherServlet ''
2026-03-12 15:48:40.112 [main] INFO  o.s.t.w.s.TestDispatcherServlet - Initializing Servlet ''
2026-03-12 15:48:40.114 [main] INFO  o.s.t.w.s.TestDispatcherServlet - Completed initialization in 2 ms
2026-03-12 15:48:40.383 [main] INFO  c.p.a.a.in.web.AiControllerTest - Started AiControllerTest in 5.492 seconds (process running for 7.833)
2026-03-12 15:48:40.712 [main] INFO  c.p.ai.adapters.in.web.AiController - POST /ai/chat (projectId: c35868ee-7867-4561-ab6d-6472acf0e7fe, message length: 5 chars)

MockHttpServletRequest:
      HTTP Method = POST
      Request URI = /ai/chat
       Parameters = {}
          Headers = [Content-Type:"application/json;charset=UTF-8", Content-Length:"70"]
             Body = {"projectId":"c35868ee-7867-4561-ab6d-6472acf0e7fe","message":"hello"}
    Session Attrs = {}

Handler:
             Type = com.penpot.ai.adapters.in.web.AiController
           Method = com.penpot.ai.adapters.in.web.AiController#chat(ChatRequest)

Async:
    Async started = true
     Async result = <200 OK OK,{success=true, projectId=c35868ee-7867-4561-ab6d-6472acf0e7fe, response=ai-response},[]>

Resolved Exception:
             Type = null

ModelAndView:
        View name = null
             View = null
            Model = null

FlashMap:
       Attributes = null

MockHttpServletResponse:
           Status = 200
    Error message = null
          Headers = []
     Content type = null
             Body = 
    Forwarded URL = null
   Redirected URL = null
          Cookies = []
2026-03-12 15:48:40.978 [main] INFO  c.p.ai.adapters.in.web.AiController - DELETE /ai/chat/6f7ea012-053c-483f-acd1-d7ace085a6e7 (projectId: 6f7ea012-053c-483f-acd1-d7ace085a6e7)
2026-03-12 15:48:41.080 [main] INFO  c.p.ai.adapters.in.web.AiController - POST /ai/chat/new (projectId: e4f53a75-47a5-4567-a58b-dff545420609)
[ERROR] Tests run: 3, Failures: 1, Errors: 0, Skipped: 0, Time elapsed: 7.221 s <<< FAILURE! -- in com.penpot.ai.adapters.in.web.AiControllerTest
[ERROR] com.penpot.ai.adapters.in.web.AiControllerTest.chatIntegration -- Time elapsed: 0.512 s <<< FAILURE!
java.lang.AssertionError: No value at JSON path "$.success"
	at org.springframework.test.util.JsonPathExpectationsHelper.evaluateJsonPath(JsonPathExpectationsHelper.java:351)
	at org.springframework.test.util.JsonPathExpectationsHelper.assertValue(JsonPathExpectationsHelper.java:148)
	at org.springframework.test.web.servlet.result.JsonPathResultMatchers.lambda$value$2(JsonPathResultMatchers.java:112)
	at org.springframework.test.web.servlet.MockMvc$1.andExpect(MockMvc.java:214)
	at com.penpot.ai.adapters.in.web.AiControllerTest.chatIntegration(AiControllerTest.java:65)
	at java.base/java.lang.reflect.Method.invoke(Method.java:580)
	at java.base/java.util.ArrayList.forEach(ArrayList.java:1596)
	at java.base/java.util.ArrayList.forEach(ArrayList.java:1596)
Caused by: java.lang.IllegalArgumentException: json can not be null or empty
	at com.jayway.jsonpath.internal.Utils.notEmpty(Utils.java:401)
	at com.jayway.jsonpath.JsonPath.read(JsonPath.java:390)
	at org.springframework.test.util.JsonPathExpectationsHelper.evaluateJsonPath(JsonPathExpectationsHelper.java:348)
	... 7 more

[INFO] 
[INFO] Results:
[INFO] 
[ERROR] Failures: 
[ERROR]   AiControllerTest.chatIntegration:65 No value at JSON path "$.success"
[INFO] 
[ERROR] Tests run: 3, Failures: 1, Errors: 0, Skipped: 0
[INFO] 
[INFO] ------------------------------------------------------------------------
[INFO] BUILD FAILURE
[INFO] ------------------------------------------------------------------------
[INFO] Total time:  19.124 s
[INFO] Finished at: 2026-03-12T15:48:41+01:00
[INFO] ------------------------------------------------------------------------
[ERROR] Failed to execute goal org.apache.maven.plugins:maven-surefire-plugin:3.5.2:test (default-test) on project penpot-ai-server: There are test failures.
[ERROR] 
[ERROR] See C:\Users\Tarek Moussaoui\Ollmark-plugin-ia\dd\ms-ollmark-ia\target\surefire-reports for the individual test results.
[ERROR] See dump files (if any exist) [date].dump, [date]-jvmRun[N].dump and [date].dumpstream.
[ERROR] -> [Help 1]
[ERROR] 
[ERROR] To see the full stack trace of the errors, re-run Maven with the -e switch.
[ERROR] Re-run Maven using the -X switch to enable full debug logging.
[ERROR] 
[ERROR] For more information about the errors and possible solutions, please read the following articles:
[ERROR] [Help 1] http://cwiki.apache.org/confluence/display/MAVEN/MojoFailureException
